ffmpeg version 9.0.1 Copyright (c) 2000-2026 the FFmpeg developers
  built with Apple clang version 21.0.0 (clang-2100.1.1.101)
  configuration: --prefix=/opt/homebrew/Cellar/ffmpeg/9.0.1_1 --enable-shared --enable-pthreads --enable-version3 --cc=clang --host-cflags= --host-ldflags= --enable-ffplay --enable-gpl --enable-libsvtav1 --enable-libopus --enable-libx264 --enable-libmp3lame --enable-libdav1d --enable-libvmaf --enable-libvpx --enable-libx265 --enable-openssl --enable-videotoolbox --enable-audiotoolbox --enable-neon
  libavutil      61.  1.101 / 61.  1.101
  libavcodec     63.  1.101 / 63.  1.101
  libavformat    63.  1.101 / 63.  1.101
  libavdevice    63.  1.101 / 63.  1.101
  libavfilter    12.  1.101 / 12.  1.101
  libswscale     10.  1.101 / 10.  1.101
  libswresample   7.  1.101 /  7.  1.101
Input #0, mov,mp4,m4a,3gp,3g2,mj2, from '/Users/piplustheta/Documents/Github/chrimata/brag-output-v2/work/concat.mp4':
  Metadata:
    major_brand     : isom
    minor_version   : 512
    compatible_brands: isomiso2avc1mp41
    encoder         : Lavf63.1.101
  Duration: 00:01:33.90, start: 0.000000, bitrate: 617 kb/s
  Stream #0:0[0x1](und): Video: h264 (High) (avc1 / 0x31637661), yuv420p(progressive), 1920x1080, 614 kb/s, 30 fps, 30 tbr, 15360 tbn (default)
    Metadata:
      handler_name    : VideoHandler
      encoder         : Lavc63.1.101 libx264
[aist#1:0/pcm_s16le @ 0xc70c08480] Guessed Channel Layout: stereo
Input #1, wav, from '/Users/piplustheta/Documents/Github/chrimata/brag-output-v2/work/audio.wav':
  Metadata:
    encoder         : Lavf63.1.101
  Duration: 00:01:33.90, bitrate: 1411 kb/s
  Stream #1:0: Audio: pcm_s16le ([1][0][0][0] / 0x0001), 44100 Hz, stereo, s16, 1411 kb/s
Stream mapping:
  Stream #0:0 -> #0:0 (copy)
  Stream #1:0 -> #0:1 (pcm_s16le (native) -> aac (native))
Press [q] to stop, [?] for help
Output #0, mp4, to '/Users/piplustheta/Documents/Github/chrimata/brag-output-v2/brag.mp4':
  Metadata:
    major_brand     : isom
    minor_version   : 512
    compatible_brands: isomiso2avc1mp41
    encoder         : Lavf63.1.101
  Stream #0:0(und): Video: h264 (High) (avc1 / 0x31637661), yuv420p(progressive), 1920x1080, q=2-31, 614 kb/s, 30 fps, 30 tbr, 15360 tbn (default)
    Metadata:
      handler_name    : VideoHandler
      encoder         : Lavc63.1.101 libx264
  Stream #0:1: Audio: aac (LC) (mp4a / 0x6134706D), 44100 Hz, stereo, fltp, 192 kb/s
    Metadata:
      encoder         : Lavc63.1.101 aac
frame= 1430 fps=0.0 q=-1.0 size=    6144KiB time=00:00:47.80 bitrate=1053.0kbits/s speed=  95x elapsed=0:00:00.50    [out#0/mp4 @ 0xc710089c0] video:7042KiB audio:2206KiB subtitle:0KiB other streams:0KiB global headers:0KiB muxing overhead: 1.088810%
frame= 2817 fps=0.0 q=-1.0 Lsize=    9348KiB time=00:01:33.90 bitrate= 815.6kbits/s speed= 102x elapsed=0:00:00.92    
[aac @ 0xc70c35500] Qavg: 19614.684
ffmpeg version 9.0.1 Copyright (c) 2000-2026 the FFmpeg developers
  built with Apple clang version 21.0.0 (clang-2100.1.1.101)
  configuration: --prefix=/opt/homebrew/Cellar/ffmpeg/9.0.1_1 --enable-shared --enable-pthreads --enable-version3 --cc=clang --host-cflags= --host-ldflags= --enable-ffplay --enable-gpl --enable-libsvtav1 --enable-libopus --enable-libx264 --enable-libmp3lame --enable-libdav1d --enable-libvmaf --enable-libvpx --enable-libx265 --enable-openssl --enable-videotoolbox --enable-audiotoolbox --enable-neon
  libavutil      61.  1.101 / 61.  1.101
  libavcodec     63.  1.101 / 63.  1.101
  libavformat    63.  1.101 / 63.  1.101
  libavdevice    63.  1.101 / 63.  1.101
  libavfilter    12.  1.101 / 12.  1.101
  libswscale     10.  1.101 / 10.  1.101
  libswresample   7.  1.101 /  7.  1.101
Input #0, png_pipe, from '/Users/piplustheta/Documents/Github/chrimata/brag-output-v2/work/poster.png':
  Duration: N/A, bitrate: N/A
  Stream #0:0: Video: png, rgb24(pc, gbr/unknown/unknown), 1920x1080, 25 fps, 25 tbr, 25 tbn
Stream mapping:
  Stream #0:0 -> #0:0 (png (native) -> mjpeg (native))
Press [q] to stop, [?] for help
Output #0, image2, to '/Users/piplustheta/Documents/Github/chrimata/brag-output-v2/brag.jpg':
  Metadata:
    encoder         : Lavf63.1.101
  Stream #0:0: Video: mjpeg, yuv444p(pc, progressive), 1920x1080, q=2-31, 200 kb/s, 25 fps, 25 tbn
    Metadata:
      encoder         : Lavc63.1.101 mjpeg
    Side data:
      CPB properties: bitrate max/min/avg: 0/0/200000 buffer size: 0 vbv_delay: N/A
[image2 @ 0xa9701c280] The specified filename '/Users/piplustheta/Documents/Github/chrimata/brag-output-v2/brag.jpg' does not contain an image sequence pattern or a pattern is invalid.
[image2 @ 0xa9701c280] Use a pattern such as %03d for an image sequence or use the -update option (with -frames:v 1 if needed) to write a single image.
[out#0/image2 @ 0xa97008840] video:64KiB audio:0KiB subtitle:0KiB other streams:0KiB global headers:0KiB muxing overhead: unknown
frame=    1 fps=0.0 q=3.0 Lsize=N/A time=00:00:00.04 bitrate=N/A speed=2.41x elapsed=0:00:00.01    
DONE -> /Users/piplustheta/Documents/Github/chrimata/brag-output-v2/brag.mp4 /Users/piplustheta/Documents/Github/chrimata/brag-output-v2/brag.jpg
